Direct use of automatic function calling (AFC) in Models.generate_content is not recommended. Instead, we recommend to use AFC in Chat.send_message. Similarly, direct use of AFC in Models.generate_content_stream is not recommended. Instead, we recommend to use AFC in Chat.send_message_stream.
1A: identity FAIL {"Mia": 0.75, "Leo": 0.75, "Jenny": 0.75, "Nina": 0.75, "Gabe": 0.4}  overall=FAIL  staging=PASS
    identity: Gabe identity 0.40 (significant_drift): off-model on eyewear - eyewear: turnaround thin_wire_rectangular / frame heavy_dark_rectangular
1B: identity FAIL {"Leo": 1.0, "Mia": 0.4}  overall=FAIL  staging=PASS
    identity: Mia identity 0.40 (significant_drift): off-model on hair_length - hair_length: turnaround mid_back / frame short
1C: identity FAIL {"Nina": 0.75, "Gabe": 0.1, "Jenny": 0.4}  overall=FAIL  staging=FAIL
    identity: Jenny identity 0.40 (significant_drift): off-model on hair_texture - hair_texture: turnaround curly / frame straight
    identity: Gabe identity 0.40 (significant_drift): off-model on eyewear - eyewear: turnaround thin_wire_rectangular / frame heavy_dark_rectangular
    identity: Gabe identity 0.10 (different_person): off-model on build, eyewear - build: turnaround heavy_set / frame slim; eyewear: turnaround thin_wire_rectangular / frame thin_wire_round
    location_match 0.50: The room layout differs significantly from the plate, showing a front door and different furniture arrangement.
    location_match 0.50: The room layout is significantly altered, showing a front door and different furniture arrangement compared to the plate.
    artifacts 0.50 (double exposure, phantom figure, indoor lightning)
1D: identity PASS {"Gabe": 0.75, "Nina": 0.75, "Mia": 0.75, "Leo": 0.75, "Jenny": 0.75}  overall=PASS  staging=PASS
1E: identity PASS {"Jenny": 0.75}  overall=PASS  staging=INCONCLUSIVE
1F: identity PASS {}  overall=PASS  staging=PASS
1G: identity FAIL {"Mia": 0.75, "Leo": 0.75, "Nina": 0.75, "Gabe": 0.4}  overall=FAIL  staging=INCONCLUSIVE
    identity: Gabe identity 0.40 (significant_drift): off-model on eyewear - eyewear: turnaround thin_wire_rectangular / frame heavy_dark_rectangular
    artifacts 0.50 (indoor lightning, lightning overlapping wall)
1H: identity PASS {"Mia": 0.75}  overall=FAIL  staging=FAIL
    character_presence 0.60 (missing: none; unexpected: Adult Male, Adult Female)
1I: identity FAIL {"Gabe": 0.4, "Nina": 0.75}  overall=FAIL  staging=FAIL
    identity: Gabe identity 0.40 (significant_drift): off-model on eyewear - eyewear: turnaround thin_wire_rectangular / frame heavy_dark_rectangular
    location_match 0.50: The keyframe shows a front entryway while the location plate shows a living room; they share a storm theme but are different sub-locations.
    location_match 0.50: The keyframe shows a foyer/entryway while the location plate shows a living room/kitchen area, though the lighting and window style are consistent.
    location_match 0.50: The keyframe shows a foyer/entryway which is a different sub-location than the living room/kitchen shown in the location plate.

wrote /home/rex/rex-marks-the-spot/.task-worktrees/347-render-scene-1-from-v5-panels-on-fal-fir/reports/scene-01-v5-render/shot-gate.json
